interactions:
- request:
    body: null
    headers:
      Accept:
      - '*/*'
      Accept-Encoding:
      - gzip, deflate
      Connection:
      - keep-alive
      User-Agent:
      - python-requests/2.31.0
    method: GET
    uri: https://www-genesis.destatis.de/genesisWS/rest/2020/catalogue/results?area=all&language=en&pagelength=20
  response:
    body:
      string: "{\"Ident\":{\"Service\":\"catalogue\",\"Method\":\"results\"},\"Status\":{\"Code\":0,\"Content\":\"successfull\",\"Type\":\"information\"},\"Parameter\":{\"username\":\"********************\",\"password\":\"********************\",\"selection\":\"\",\"area\":\"all\",\"pagelength\":\"20\",\"language\":\"en\"},\"List\":[{\"Code\":\"$FullCache-11111-0001-DLAND\",\"Content\":\"Size
        of territory: L\xE4nder, reference date\",\"Values\":\"459\"},{\"Code\":\"$FullCache-11111-0002-KREISE\",\"Content\":\"Size
        of territory: Administrative districts, reference date\",\"Values\":\"12852\"},{\"Code\":\"$FullCache-12211-0001\",\"Content\":\"Population,
        persons in employment, unemployed persons, econ.\\nactive population, econ.
        inactive population from primary\\nresidence households: Germany, years, sex,
        age groups\",\"Values\":\"675\"},{\"Code\":\"$FullCache-12211-0002\",\"Content\":\"Population,
        persons in employment, unemployed persons, econ.\\nactive population, econ.
        inactive population from prim. res.\\nhh.: Germany, years, main source of
        livelihood, age groups\",\"Values\":\"810\"},{\"Code\":\"$FullCache-12211-0003\",\"Content\":\"Population,
        persons in employment, unemployed persons, econ.\\nactive population, econ.
        inactive pop. from prim. res. hh.:\\nGermany, years, sex, size classes pers.
        monthly net income\",\"Values\":\"585\"},{\"Code\":\"$FullCache-12211-0004\",\"Content\":\"Persons
        in employment from primary residence households:\\nGermany, years, sex, age
        groups, occupational status\",\"Values\":\"576\"},{\"Code\":\"$FullCache-12211-0005\",\"Content\":\"Persons
        in employment from primary residence households:\\nGermany, years, sex, occupational
        status, type of hours\\nworked, size classes of the hours worked per week\",\"Values\":\"1008\"},{\"Code\":\"$FullCache-12211-0006\",\"Content\":\"Hours
        worked per week by persons in employment from primary\\nresidence households:
        Germany, years, sex, occupational\\nstatus, type of hours worked\",\"Values\":\"288\"},{\"Code\":\"$FullCache-12211-0007\",\"Content\":\"Persons
        in employment from primary residence households:\\nGermany, years, sex, age
        groups, employment forms\",\"Values\":\"945\"},{\"Code\":\"$FullCache-12211-0008\",\"Content\":\"Persons
        in employment from primary residence households:\\nGermany, years, sex, occupational
        status, size classes of\\npersonal monthly net income\",\"Values\":\"936\"},{\"Code\":\"$FullCache-12211-0009\",\"Content\":\"Persons
        in employment from primary residence households:\\nGermany, years, sex, occupational
        status, occupations\",\"Values\":\"3456\"},{\"Code\":\"$FullCache-12211-0010\",\"Content\":\"Persons
        in paid employment from primary residence\\nhouseholds: Germany, years, sex,
        age groups, extent of\\nemployment\",\"Values\":\"648\"},{\"Code\":\"$FullCache-12211-0011\",\"Content\":\"Unemployed
        persons from primary residence households:\\nGermany, years, sex, age groups,
        duration of unemployment\",\"Values\":\"252\"},{\"Code\":\"$FullCache-12211-0100\",\"Content\":\"Population
        aged 15 and over in primary residence households:\\nGermany, years, sex, age
        groups, general school education\",\"Values\":\"576\"},{\"Code\":\"$FullCache-12211-0101\",\"Content\":\"Population
        aged 15 and over in primary residence households:\\nGermany, years, sex, age
        groups, vocational qualification\\nattained\",\"Values\":\"792\"},{\"Code\":\"$FullCache-12211-0102\",\"Content\":\"Population
        aged 15 and over in primary residence households:\\nGermany, years, sex, age
        groups, educational attainment\",\"Values\":\"288\"},{\"Code\":\"$FullCache-12211-0200\",\"Content\":\"Population
        in primary residence households: Germany, years,\\nsex, age groups, migration
        status\",\"Values\":\"576\"},{\"Code\":\"$FullCache-12211-0201\",\"Content\":\"Population
        in primary residence households: Germany, years,\\nsex, marital status, migration
        status\",\"Values\":\"360\"},{\"Code\":\"$FullCache-12211-0202\",\"Content\":\"Persons
        with migration background (broader sense) in \\nprimary residence households:
        Germany, years, sex, country\\nof birth or parents country of birth\",\"Values\":\"198\"},{\"Code\":\"$FullCache-12211-0203\",\"Content\":\"Population
        in primary residence households: Germany, years,\\nsex, migration status\",\"Values\":\"162\"}],\"Copyright\":\"\xA9
        Federal Statistical Office, Wiesbaden 2023\"}"
    headers:
      Connection:
      - Keep-Alive
      Content-Length:
      - '4006'
      Content-Type:
      - application/json;charset=UTF-8
      Date:
      - Wed, 09 Aug 2023 14:30:51 GMT
      Keep-Alive:
      - timeout=15, max=100
      Server:
      - Apache
    status:
      code: 200
      message: '200'
- request:
    body: null
    headers:
      Accept:
      - '*/*'
      Accept-Encoding:
      - gzip, deflate
      Connection:
      - keep-alive
      User-Agent:
      - python-requests/2.31.0
    method: GET
    uri: https://www-genesis.destatis.de/genesisWS/rest/2020/catalogue/results?area=all&language=en&pagelength=1
  response:
    body:
      string: "{\"Ident\":{\"Service\":\"catalogue\",\"Method\":\"results\"},\"Status\":{\"Code\":0,\"Content\":\"successfull\",\"Type\":\"information\"},\"Parameter\":{\"username\":\"********************\",\"password\":\"********************\",\"selection\":\"\",\"area\":\"all\",\"pagelength\":\"1\",\"language\":\"en\"},\"List\":[{\"Code\":\"$FullCache-11111-0001-DLAND\",\"Content\":\"Size
        of territory: L\xE4nder, reference date\",\"Values\":\"459\"}],\"Copyright\":\"\xA9
        Federal Statistical Office, Wiesbaden 2023\"}"
    headers:
      Connection:
      - Keep-Alive
      Content-Length:
      - '438'
      Content-Type:
      - application/json;charset=UTF-8
      Date:
      - Thu, 24 Aug 2023 15:26:23 GMT
      Keep-Alive:
      - timeout=15, max=100
      Server:
      - Apache
    status:
      code: 200
      message: '200'
- request:
    body: null
    headers:
      Accept:
      - '*/*'
      Accept-Encoding:
      - gzip, deflate
      Connection:
      - keep-alive
      User-Agent:
      - python-requests/2.31.0
    method: GET
    uri: https://www-genesis.destatis.de/genesisWS/rest/2020/catalogue/results?area=all&language=en&pagelength=1
  response:
    body:
      string: "{\"Ident\":{\"Service\":\"catalogue\",\"Method\":\"results\"},\"Status\":{\"Code\":0,\"Content\":\"successfull\",\"Type\":\"information\"},\"Parameter\":{\"username\":\"********************\",\"password\":\"********************\",\"selection\":\"\",\"area\":\"all\",\"pagelength\":\"1\",\"language\":\"en\"},\"List\":[{\"Code\":\"$FullCache-11111-0001-DLAND\",\"Content\":\"Size
        of territory: L\xE4nder, reference date\",\"Values\":\"459\"}],\"Copyright\":\"\xA9
        Federal Statistical Office, Wiesbaden 2023\"}"
    headers:
      Connection:
      - Keep-Alive
      Content-Length:
      - '438'
      Content-Type:
      - application/json;charset=UTF-8
      Date:
      - Sat, 26 Aug 2023 11:20:54 GMT
      Keep-Alive:
      - timeout=15, max=100
      Server:
      - Apache
    status:
      code: 200
      message: '200'
- request:
    body: null
    headers:
      Accept:
      - '*/*'
      Accept-Encoding:
      - gzip, deflate
      Connection:
      - keep-alive
      User-Agent:
      - python-requests/2.31.0
    method: GET
    uri: https://www-genesis.destatis.de/genesisWS/rest/2020/catalogue/results?area=all&language=en&pagelength=1
  response:
    body:
      string: "{\"Ident\":{\"Service\":\"catalogue\",\"Method\":\"results\"},\"Status\":{\"Code\":0,\"Content\":\"successfull\",\"Type\":\"information\"},\"Parameter\":{\"username\":\"********************\",\"password\":\"********************\",\"selection\":\"\",\"area\":\"all\",\"pagelength\":\"1\",\"language\":\"en\"},\"List\":[{\"Code\":\"$FullCache-11111-0001-DLAND\",\"Content\":\"Size
        of territory: L\xE4nder, reference date\",\"Values\":\"459\"}],\"Copyright\":\"\xA9
        Federal Statistical Office, Wiesbaden 2023\"}"
    headers:
      Connection:
      - Keep-Alive
      Content-Length:
      - '438'
      Content-Type:
      - application/json;charset=UTF-8
      Date:
      - Mon, 28 Aug 2023 15:56:10 GMT
      Keep-Alive:
      - timeout=15, max=100
      Server:
      - Apache
    status:
      code: 200
      message: '200'
- request:
    body: null
    headers:
      Accept:
      - '*/*'
      Accept-Encoding:
      - gzip, deflate
      Connection:
      - keep-alive
      User-Agent:
      - python-requests/2.31.0
    method: GET
    uri: https://www-genesis.destatis.de/genesisWS/rest/2020/catalogue/results?area=all&language=en&pagelength=1
  response:
    body:
      string: "{\"Ident\":{\"Service\":\"catalogue\",\"Method\":\"results\"},\"Status\":{\"Code\":0,\"Content\":\"successfull\",\"Type\":\"information\"},\"Parameter\":{\"username\":\"********************\",\"password\":\"********************\",\"selection\":\"\",\"area\":\"all\",\"pagelength\":\"1\",\"language\":\"en\"},\"List\":[{\"Code\":\"$FullCache-11111-0001-DLAND\",\"Content\":\"Size
        of territory: L\xE4nder, reference date\",\"Values\":\"459\"}],\"Copyright\":\"\xA9
        Federal Statistical Office, Wiesbaden 2023\"}"
    headers:
      Connection:
      - Keep-Alive
      Content-Length:
      - '438'
      Content-Type:
      - application/json;charset=UTF-8
      Date:
      - Mon, 28 Aug 2023 17:48:37 GMT
      Keep-Alive:
      - timeout=15, max=100
      Server:
      - Apache
    status:
      code: 200
      message: '200'
version: 1
